interactions:
- request:
    body: null
    headers:
      Accept:
      - application/json
      Accept-Encoding:
      - gzip, deflate
      Connection:
      - keep-alive
      User-Agent:
      - python-requests/2.26.0
    method: GET
    uri: http://localhost:19120/api/v1/trees/tree
  response:
    body:
      string: "{\n  \"type\" : \"BRANCH\",\n  \"name\" : \"main\",\n  \"hash\" : \"2e1cfa82b035c26cbbbdae632cea070514eb8b773f616aaeaf668e2f0be8f10d\"\n}"
    headers:
      Content-Type:
      - application/json
      content-length:
      - '121'
    status:
      code: 200
      message: OK
- request:
    body: null
    headers:
      Accept:
      - application/json
      Accept-Encoding:
      - gzip, deflate
      Connection:
      - keep-alive
      User-Agent:
      - python-requests/2.26.0
    method: GET
    uri: http://localhost:19120/api/v1/trees/tree/main
  response:
    body:
      string: "{\n  \"type\" : \"BRANCH\",\n  \"name\" : \"main\",\n  \"hash\" : \"2e1cfa82b035c26cbbbdae632cea070514eb8b773f616aaeaf668e2f0be8f10d\"\n}"
    headers:
      Content-Type:
      - application/json
      content-length:
      - '121'
    status:
      code: 200
      message: OK
- request:
    body: '{"hash": "2e1cfa82b035c26cbbbdae632cea070514eb8b773f616aaeaf668e2f0be8f10d",
      "name": "dev", "type": "BRANCH"}'
    headers:
      Accept:
      - '*/*'
      Accept-Encoding:
      - gzip, deflate
      Connection:
      - keep-alive
      Content-Length:
      - '109'
      Content-Type:
      - application/json
      User-Agent:
      - python-requests/2.26.0
    method: POST
    uri: http://localhost:19120/api/v1/trees/tree?sourceRefName=main
  response:
    body:
      string: "{\n  \"type\" : \"BRANCH\",\n  \"name\" : \"dev\",\n  \"hash\" : \"2e1cfa82b035c26cbbbdae632cea070514eb8b773f616aaeaf668e2f0be8f10d\"\n}"
    headers:
      Content-Type:
      - application/json
      content-length:
      - '120'
    status:
      code: 200
      message: OK
- request:
    body: null
    headers:
      Accept:
      - application/json
      Accept-Encoding:
      - gzip, deflate
      Connection:
      - keep-alive
      User-Agent:
      - python-requests/2.26.0
    method: GET
    uri: http://localhost:19120/api/v1/trees
  response:
    body:
      string: "{\n  \"token\" : null,\n  \"references\" : [ {\n    \"type\" : \"BRANCH\",\n
        \   \"name\" : \"main\",\n    \"hash\" : \"2e1cfa82b035c26cbbbdae632cea070514eb8b773f616aaeaf668e2f0be8f10d\"\n
        \ }, {\n    \"type\" : \"BRANCH\",\n    \"name\" : \"dev\",\n    \"hash\"
        : \"2e1cfa82b035c26cbbbdae632cea070514eb8b773f616aaeaf668e2f0be8f10d\"\n  }
        ],\n  \"hasMore\" : false\n}"
    headers:
      Content-Type:
      - application/json
      content-length:
      - '323'
    status:
      code: 200
      message: OK
- request:
    body: null
    headers:
      Accept:
      - application/json
      Accept-Encoding:
      - gzip, deflate
      Connection:
      - keep-alive
      User-Agent:
      - python-requests/2.26.0
    method: GET
    uri: http://localhost:19120/api/v1/contents/merge.foo.bar?ref=dev
  response:
    body:
      string: "{\n  \"status\" : 404,\n  \"reason\" : \"Not Found\",\n  \"message\"
        : \"Could not find content for key 'merge.foo.bar' in reference 'dev'.\",\n
        \ \"errorCode\" : \"CONTENT_NOT_FOUND\",\n  \"serverStackTrace\" : null\n}"
    headers:
      Content-Type:
      - application/json
      content-length:
      - '196'
    status:
      code: 404
      message: Not Found
- request:
    body: '{"commitMeta": {"hash": null, "authorTime": null, "signedOffBy": null,
      "message": "test message", "commitTime": null, "properties": null, "committer":
      null, "author": "nessie test"}, "operations": [{"expectedContent": null, "key":
      {"elements": ["merge", "foo", "bar"]}, "content": {"specId": 44, "id": "test_merge",
      "schemaId": 43, "snapshotId": 42, "sortOrderId": 45, "metadataLocation": "/a/b/c",
      "type": "ICEBERG_TABLE"}, "type": "PUT"}]}'
    headers:
      Accept:
      - '*/*'
      Accept-Encoding:
      - gzip, deflate
      Connection:
      - keep-alive
      Content-Length:
      - '441'
      Content-Type:
      - application/json
      User-Agent:
      - python-requests/2.26.0
    method: POST
    uri: http://localhost:19120/api/v1/trees/branch/dev/commit?expectedHash=2e1cfa82b035c26cbbbdae632cea070514eb8b773f616aaeaf668e2f0be8f10d
  response:
    body:
      string: "{\n  \"type\" : \"BRANCH\",\n  \"name\" : \"dev\",\n  \"hash\" : \"1d26ea747944ead371eeeabc5229af13bcfe6069611cc894116c06c9c2125512\"\n}"
    headers:
      Content-Type:
      - application/json
      content-length:
      - '120'
    status:
      code: 200
      message: OK
- request:
    body: null
    headers:
      Accept:
      - application/json
      Accept-Encoding:
      - gzip, deflate
      Connection:
      - keep-alive
      User-Agent:
      - python-requests/2.26.0
    method: GET
    uri: http://localhost:19120/api/v1/trees
  response:
    body:
      string: "{\n  \"token\" : null,\n  \"references\" : [ {\n    \"type\" : \"BRANCH\",\n
        \   \"name\" : \"main\",\n    \"hash\" : \"2e1cfa82b035c26cbbbdae632cea070514eb8b773f616aaeaf668e2f0be8f10d\"\n
        \ }, {\n    \"type\" : \"BRANCH\",\n    \"name\" : \"dev\",\n    \"hash\"
        : \"1d26ea747944ead371eeeabc5229af13bcfe6069611cc894116c06c9c2125512\"\n  }
        ],\n  \"hasMore\" : false\n}"
    headers:
      Content-Type:
      - application/json
      content-length:
      - '323'
    status:
      code: 200
      message: OK
- request:
    body: null
    headers:
      Accept:
      - application/json
      Accept-Encoding:
      - gzip, deflate
      Connection:
      - keep-alive
      User-Agent:
      - python-requests/2.26.0
    method: GET
    uri: http://localhost:19120/api/v1/trees/tree
  response:
    body:
      string: "{\n  \"type\" : \"BRANCH\",\n  \"name\" : \"main\",\n  \"hash\" : \"2e1cfa82b035c26cbbbdae632cea070514eb8b773f616aaeaf668e2f0be8f10d\"\n}"
    headers:
      Content-Type:
      - application/json
      content-length:
      - '121'
    status:
      code: 200
      message: OK
- request:
    body: null
    headers:
      Accept:
      - application/json
      Accept-Encoding:
      - gzip, deflate
      Connection:
      - keep-alive
      User-Agent:
      - python-requests/2.26.0
    method: GET
    uri: http://localhost:19120/api/v1/trees/tree/dev
  response:
    body:
      string: "{\n  \"type\" : \"BRANCH\",\n  \"name\" : \"dev\",\n  \"hash\" : \"1d26ea747944ead371eeeabc5229af13bcfe6069611cc894116c06c9c2125512\"\n}"
    headers:
      Content-Type:
      - application/json
      content-length:
      - '120'
    status:
      code: 200
      message: OK
- request:
    body: '{"fromHash": "1d26ea747944ead371eeeabc5229af13bcfe6069611cc894116c06c9c2125512",
      "fromRefName": "dev"}'
    headers:
      Accept:
      - '*/*'
      Accept-Encoding:
      - gzip, deflate
      Connection:
      - keep-alive
      Content-Length:
      - '102'
      Content-Type:
      - application/json
      User-Agent:
      - python-requests/2.26.0
    method: POST
    uri: http://localhost:19120/api/v1/trees/branch/main/merge?expectedHash=2e1cfa82b035c26cbbbdae632cea070514eb8b773f616aaeaf668e2f0be8f10d
  response:
    body:
      string: ''
    headers: {}
    status:
      code: 204
      message: No Content
- request:
    body: null
    headers:
      Accept:
      - application/json
      Accept-Encoding:
      - gzip, deflate
      Connection:
      - keep-alive
      User-Agent:
      - python-requests/2.26.0
    method: GET
    uri: http://localhost:19120/api/v1/trees
  response:
    body:
      string: "{\n  \"token\" : null,\n  \"references\" : [ {\n    \"type\" : \"BRANCH\",\n
        \   \"name\" : \"main\",\n    \"hash\" : \"1d26ea747944ead371eeeabc5229af13bcfe6069611cc894116c06c9c2125512\"\n
        \ }, {\n    \"type\" : \"BRANCH\",\n    \"name\" : \"dev\",\n    \"hash\"
        : \"1d26ea747944ead371eeeabc5229af13bcfe6069611cc894116c06c9c2125512\"\n  }
        ],\n  \"hasMore\" : false\n}"
    headers:
      Content-Type:
      - application/json
      content-length:
      - '323'
    status:
      code: 200
      message: OK
version: 1
