interactions:
- request:
    body: null
    headers:
      Accept:
      - application/json
      Accept-Encoding:
      - gzip, deflate
      Connection:
      - keep-alive
      User-Agent:
      - python-requests/2.26.0
    method: GET
    uri: http://localhost:19120/api/v1/trees/tree
  response:
    body:
      string: '{"hash": "2e1cfa82b035c26cbbbdae632cea070514eb8b773f616aaeaf668e2f0be8f10d",
        "name": "main", "type": "BRANCH"}'
    headers:
      Content-Type:
      - application/json
      content-length:
      - '110'
    status:
      code: 200
      message: OK
- request:
    body: null
    headers:
      Accept:
      - application/json
      Accept-Encoding:
      - gzip, deflate
      Connection:
      - keep-alive
      User-Agent:
      - python-requests/2.26.0
    method: GET
    uri: http://localhost:19120/api/v1/trees/tree/main
  response:
    body:
      string: '{"hash": "2e1cfa82b035c26cbbbdae632cea070514eb8b773f616aaeaf668e2f0be8f10d",
        "name": "main", "type": "BRANCH"}'
    headers:
      Content-Type:
      - application/json
      content-length:
      - '110'
    status:
      code: 200
      message: OK
- request:
    body: '{"hash": "2e1cfa82b035c26cbbbdae632cea070514eb8b773f616aaeaf668e2f0be8f10d",
      "name": "contents_commit_with_expected_state", "type": "BRANCH"}'
    headers:
      Accept:
      - '*/*'
      Accept-Encoding:
      - gzip, deflate
      Connection:
      - keep-alive
      Content-Length:
      - '141'
      Content-Type:
      - application/json
      User-Agent:
      - python-requests/2.26.0
    method: POST
    uri: http://localhost:19120/api/v1/trees/tree?sourceRefName=main
  response:
    body:
      string: '{"hash": "2e1cfa82b035c26cbbbdae632cea070514eb8b773f616aaeaf668e2f0be8f10d",
        "name": "contents_commit_with_expected_state", "type": "BRANCH"}'
    headers:
      Content-Type:
      - application/json
      content-length:
      - '141'
    status:
      code: 200
      message: OK
- request:
    body: null
    headers:
      Accept:
      - application/json
      Accept-Encoding:
      - gzip, deflate
      Connection:
      - keep-alive
      User-Agent:
      - python-requests/2.26.0
    method: GET
    uri: http://localhost:19120/api/v1/trees
  response:
    body:
      string: '{"hasMore": false, "references": [{"hash": "2e1cfa82b035c26cbbbdae632cea070514eb8b773f616aaeaf668e2f0be8f10d",
        "name": "main", "type": "BRANCH"}, {"hash": "2e1cfa82b035c26cbbbdae632cea070514eb8b773f616aaeaf668e2f0be8f10d",
        "name": "contents_commit_with_expected_state", "type": "BRANCH"}], "token":
        null}'
    headers:
      Content-Type:
      - application/json
      content-length:
      - '304'
    status:
      code: 200
      message: OK
- request:
    body: null
    headers:
      Accept:
      - application/json
      Accept-Encoding:
      - gzip, deflate
      Connection:
      - keep-alive
      User-Agent:
      - python-requests/2.26.0
    method: GET
    uri: http://localhost:19120/api/v1/contents/commit.expected.contents?ref=contents_commit_with_expected_state
  response:
    body:
      string: '{"errorCode": "CONTENT_NOT_FOUND", "message": "Could not find content
        for key ''commit.expected.contents'' in reference ''contents_commit_with_expected_state''.",
        "reason": "Not Found", "serverStackTrace": null, "status": 404}'
    headers:
      Content-Type:
      - application/json
      content-length:
      - '222'
    status:
      code: 404
      message: Not Found
- request:
    body: '{"commitMeta": {"author": "nessie test", "authorTime": null, "commitTime":
      null, "committer": null, "hash": null, "message": "commit 1", "properties":
      null, "signedOffBy": null}, "operations": [{"content": {"id": "test_expected_contents",
      "metadataLocation": "/a/b/c", "schemaId": 42, "snapshotId": 42, "sortOrderId":
      42, "specId": 42, "type": "ICEBERG_TABLE"}, "expectedContent": null, "key":
      {"elements": ["commit", "expected", "contents"]}, "type": "PUT"}]}'
    headers:
      Accept:
      - '*/*'
      Accept-Encoding:
      - gzip, deflate
      Connection:
      - keep-alive
      Content-Length:
      - '460'
      Content-Type:
      - application/json
      User-Agent:
      - python-requests/2.26.0
    method: POST
    uri: http://localhost:19120/api/v1/trees/branch/contents_commit_with_expected_state/commit?expectedHash=2e1cfa82b035c26cbbbdae632cea070514eb8b773f616aaeaf668e2f0be8f10d
  response:
    body:
      string: '{"hash": "e72f433b5781ce1a533eab7225b4a7a1aee105d822df254b20353c6a6fa7ae47",
        "name": "contents_commit_with_expected_state", "type": "BRANCH"}'
    headers:
      Content-Type:
      - application/json
      content-length:
      - '141'
    status:
      code: 200
      message: OK
- request:
    body: null
    headers:
      Accept:
      - application/json
      Accept-Encoding:
      - gzip, deflate
      Connection:
      - keep-alive
      User-Agent:
      - python-requests/2.26.0
    method: GET
    uri: http://localhost:19120/api/v1/trees
  response:
    body:
      string: '{"hasMore": false, "references": [{"hash": "2e1cfa82b035c26cbbbdae632cea070514eb8b773f616aaeaf668e2f0be8f10d",
        "name": "main", "type": "BRANCH"}, {"hash": "e72f433b5781ce1a533eab7225b4a7a1aee105d822df254b20353c6a6fa7ae47",
        "name": "contents_commit_with_expected_state", "type": "BRANCH"}], "token":
        null}'
    headers:
      Content-Type:
      - application/json
      content-length:
      - '304'
    status:
      code: 200
      message: OK
- request:
    body: null
    headers:
      Accept:
      - application/json
      Accept-Encoding:
      - gzip, deflate
      Connection:
      - keep-alive
      User-Agent:
      - python-requests/2.26.0
    method: GET
    uri: http://localhost:19120/api/v1/contents/commit.expected.contents?ref=contents_commit_with_expected_state
  response:
    body:
      string: '{"id": "test_expected_contents", "metadataLocation": "/a/b/c", "schemaId":
        42, "snapshotId": 42, "sortOrderId": 42, "specId": 42, "type": "ICEBERG_TABLE"}'
    headers:
      Content-Type:
      - application/json
      content-length:
      - '154'
    status:
      code: 200
      message: OK
version: 1
